[www.coloniaverdenyc.com/index.html]
[backblue.gif]
[fade.gif]
[index.html]
[media-cdn.getbento.com/accounts/b364399694ba06197e9f6c7181cb6ed0/media/images/4318favicon-2.png]
[images.getbento.com/accounts/b364399694ba06197e9f6c7181cb6ed0/media/images/27383cv-logoee08.jpg]
[theme-assets.getbento.com/sensei/361b666.sensei/assets/js/head.min.js]
[assets-cdn-refresh.getbento.com/stylesheet/coloniaverdenyc/scss/main.a6c17c7dcbefef277620674a33b69efa.css]
[www.google-analytics.com/analytics.js]
[images.getbento.com/accounts/b364399694ba06197e9f6c7181cb6ed0/media/images/27383cv-logo.png]
[images.getbento.com/accounts/b364399694ba06197e9f6c7181cb6ed0/media/images/cv-landing-logo.png]
[images.getbento.com/accounts/b364399694ba06197e9f6c7181cb6ed0/media/images/5879171220_ColoniaVerde_SocialMedia-138417.jpg]
[www.coloniaverdenyc.com/store/gift-cards/index.html]
[www.coloniaverdenyc.com/location/colonia-verde/index.html]
[images.getbento.com/accounts/b364399694ba06197e9f6c7181cb6ed0/media/images/35843Colonia_Verde_brunch-128417.jpg]
[www.coloniaverdenyc.com/menus/index.html]
[www.coloniaverdenyc.com/contact/index.html]
[www.coloniaverdenyc.com/store/catering/index.html]
[images.getbento.com/accounts/b364399694ba06197e9f6c7181cb6ed0/media/images/2048170323_ColoniaVerde-38417.jpg]
[www.coloniaverdenyc.com/store/events/index.html]
[images.getbento.com/accounts/b364399694ba06197e9f6c7181cb6ed0/media/images/84193Charles_Roussel_-20160501-85358417.jpg]
[images.getbento.com/accounts/b364399694ba06197e9f6c7181cb6ed0/media/images/74818cosmico-logoe461.png]
[images.getbento.com/accounts/b364399694ba06197e9f6c7181cb6ed0/media/images/97128Comparti-logoe461.png]
[images.getbento.com/accounts/b364399694ba06197e9f6c7181cb6ed0/media/images/56340DiscoTacos-logoe461.png]
[theme-assets.getbento.com/sensei/361b666.sensei/assets/js/foot.libs.min.js]
[www.coloniaverdenyc.com/index.html]
[assets-cdn.getbento.com/static/analytics/js/bento-analytics.min.8e22d4c747b0.js]
[assets-cdn-refresh.getbento.com/stylesheet/coloniaverdenyc/scss/main.a6c17c7dcbefef277620674a33b69efa.css]
[theme-assets.getbento.com/sensei/361b666.sensei/assets/js/bentobox.min.js]
[images.getbento.com/accounts/b364399694ba06197e9f6c7181cb6ed0/media/images/43617Photo_Jan_17_12_05_27_PM11d2.jpg]
[www.coloniaverdenyc.com/location/colonia-verde/index.html]
[images.getbento.com/accounts/b364399694ba06197e9f6c7181cb6ed0/media/images/43617Photo_Jan_17_12_05_27_PM8417.jpg]
[images.getbento.com/accounts/b364399694ba06197e9f6c7181cb6ed0/media/images/19731180622_ColoniaVerde_MenuUpdate-611d2.jpg]
[images.getbento.com/accounts/b364399694ba06197e9f6c7181cb6ed0/media/images/19731180622_ColoniaVerde_MenuUpdate-68417.jpg]
[www.coloniaverdenyc.com/menus/index.html]
[images.getbento.com/accounts/b364399694ba06197e9f6c7181cb6ed0/media/images/23830170323_ColoniaVerde-111d2.jpg]
[images.getbento.com/accounts/b364399694ba06197e9f6c7181cb6ed0/media/images/23830170323_ColoniaVerde-18417.jpg]
[www.coloniaverdenyc.com/store/gift-cards/index.html]
[images.getbento.com/accounts/b364399694ba06197e9f6c7181cb6ed0/media/images/53026garden11d2.jpg]
[images.getbento.com/accounts/b364399694ba06197e9f6c7181cb6ed0/media/images/53026garden8417.jpg]
[www.coloniaverdenyc.com/contact/index.html]
[images.getbento.com/accounts/b364399694ba06197e9f6c7181cb6ed0/media/images/10528170323_ColoniaVerde-911d2.jpg]
[images.getbento.com/accounts/b364399694ba06197e9f6c7181cb6ed0/media/images/10528170323_ColoniaVerde-98417.jpg]
[images.getbento.com/accounts/b364399694ba06197e9f6c7181cb6ed0/media/images/93806Comodo-07ee0f.jpg]
[images.getbento.com/accounts/b364399694ba06197e9f6c7181cb6ed0/media/images/9131IMG_3256ee0f.jpg]
[images.getbento.com/accounts/b364399694ba06197e9f6c7181cb6ed0/media/images/41692Artboard18xee0f.png]
[www.coloniaverdenyc.com/store/product/diy-lamb-sliders/index.html]
[www.coloniaverdenyc.com/store/product/natty-wines-mezcales/index.html]
[images.getbento.com/accounts/b364399694ba06197e9f6c7181cb6ed0/media/images/88076IMG_3450ee0f.jpg]
[www.coloniaverdenyc.com/store/product/add-a-soup-for-a-first-responderhospital-worker-copy-1/index.html]
[www.coloniaverdenyc.com/store/product/add-a-soup-for-a-first-responderhospital-worker-copy/index.html]
[www.coloniaverdenyc.com/store/product/hungry-vintage/index.html]
[www.coloniaverdenyc.com/store/product/nixtamal-tortilla-chips/index.html]
[www.coloniaverdenyc.com/store/product/frozen-pao-de-queijo/index.html]
[images.getbento.com/accounts/b364399694ba06197e9f6c7181cb6ed0/media/images/47732Screen_Shot_2020-04-13_at_2.47.39_PMee0f.jpg]
[www.coloniaverdenyc.com/store/product/frozen-arepas/index.html]
[www.coloniaverdenyc.com/store/product/tortillas-copy/index.html]
[www.coloniaverdenyc.com/store/product/tortillas/index.html]
[images.getbento.com/accounts/b364399694ba06197e9f6c7181cb6ed0/media/images/40559Copy_of_IRON_LADYee0f.jpg]
[www.coloniaverdenyc.com/store/product/mushroom-mezcal-mole/index.html]
[www.coloniaverdenyc.com/store/product/habanero-aioli/index.html]
[www.coloniaverdenyc.com/store/product/homemade-ranch-dressing/index.html]
[images.getbento.com/accounts/b364399694ba06197e9f6c7181cb6ed0/media/images/12812Copy_of_SRee0f.jpg]
[www.coloniaverdenyc.com/store/product/salsa-verde/index.html]
[www.coloniaverdenyc.com/store/product/chipotle-crema/index.html]
[www.coloniaverdenyc.com/store/product/first-responder-stew-of-the-week/index.html]
[images.getbento.com/accounts/b364399694ba06197e9f6c7181cb6ed0/media/images/71651IMG_3536ee0f.jpg]
[www.coloniaverdenyc.com/store/product/beet-salad/index.html]
[www.coloniaverdenyc.com/store/product/ajiaco-soup/index.html]
[www.coloniaverdenyc.com/store/product/wild-mushroom-soup/index.html]
[www.coloniaverdenyc.com/store/product/rainbow-carrots/index.html]
[www.coloniaverdenyc.com/store/product/brazilian-chicken-stroganoff/index.html]
[www.coloniaverdenyc.com/store/product/turmeric-riced-cauliflower-and-lentils/index.html]
[images.getbento.com/accounts/b364399694ba06197e9f6c7181cb6ed0/media/images/66720IMG_3532ee0f.jpg]
[www.coloniaverdenyc.com/store/product/diy-rainbow-trout-ceviche/index.html]
[www.coloniaverdenyc.com/store/product/carnitas/index.html]
[www.coloniaverdenyc.com/store/product/shrimp-al-ajillo/index.html]
[images.getbento.com/accounts/b364399694ba06197e9f6c7181cb6ed0/media/images/74613IMG_3531ee0f.jpg]
[www.coloniaverdenyc.com/store/product/poblano-pepper-bolognese/index.html]
[www.coloniaverdenyc.com/store/product/duck/index.html]
[www.coloniaverdenyc.com/store/product/steelhead-rainbow-trout/index.html]
[images.getbento.com/accounts/b364399694ba06197e9f6c7181cb6ed0/media/images/48285IMG_3537ee0f.jpg]
[www.coloniaverdenyc.com/store/product/bone-in-ribeye/index.html]
[www.coloniaverdenyc.com/store/product/skirt-steak/index.html]
[www.coloniaverdenyc.com/store/product/pork-chop-w-recado-negro/index.html]
[www.coloniaverdenyc.com/store/product/picanha-steak/index.html]
[images.getbento.com/accounts/b364399694ba06197e9f6c7181cb6ed0/media/images/49027IMG_3346ee0f.jpg]
[www.coloniaverdenyc.com/store/product/hudson-valley-fresh-chocolate-milk/index.html]
[www.coloniaverdenyc.com/store/product/hudson-valley-fresh-whole-milk/index.html]
[www.coloniaverdenyc.com/store/product/ronnybrook-unsalted-butter/index.html]
[images.getbento.com/accounts/b364399694ba06197e9f6c7181cb6ed0/media/images/17614IMG_2674ee0f.jpg]
[www.coloniaverdenyc.com/store/product/wild-ramps/index.html]
[www.coloniaverdenyc.com/store/product/eggs-organic-and-pasture-raised-1-dozen/index.html]
[www.coloniaverdenyc.com/store/product/seasonal-local-honey/index.html]
[images.getbento.com/accounts/b364399694ba06197e9f6c7181cb6ed0/media/images/63027IMG_2782ee0f.jpg]
[www.coloniaverdenyc.com/store/product/chefs-mix-of-mushrooms/index.html]
[www.coloniaverdenyc.com/store/product/black-beans/index.html]
[www.coloniaverdenyc.com/store/product/cv-mixed-greens/index.html]
[www.coloniaverdenyc.com/store/product/jasmine-rice/index.html]
[images.getbento.com/accounts/b364399694ba06197e9f6c7181cb6ed0/media/images/95917donatiee0f.jpg]
[www.coloniaverdenyc.com/store/product/arborio-rice/index.html]
[www.coloniaverdenyc.com/store/product/cilantro/index.html]
[www.coloniaverdenyc.com/store/product/serrano-peppers/index.html]
[images.getbento.com/accounts/b364399694ba06197e9f6c7181cb6ed0/media/images/24865IMG_3601ee0f.jpg]
[www.coloniaverdenyc.com/store/product/limes/index.html]
[www.coloniaverdenyc.com/store/product/avocados/index.html]
[www.coloniaverdenyc.com/store/product/yucca-puree/index.html]
[images.getbento.com/accounts/b364399694ba06197e9f6c7181cb6ed0/media/images/4117IMG_3141ee0f.jpg]
[www.coloniaverdenyc.com/store/product/brussels-sprouts-and-chorizo/index.html]
[www.coloniaverdenyc.com/store/product/cv-red-rice-pilaf/index.html]
[www.coloniaverdenyc.com/store/product/mac-cheese/index.html]
[images.getbento.com/accounts/b364399694ba06197e9f6c7181cb6ed0/media/images/26380IMG_3334ee0f.jpg]
[www.coloniaverdenyc.com/store/product/smoked-sable-black-cod-copy/index.html]
[www.coloniaverdenyc.com/store/product/calaspara-green-rice/index.html]
[www.coloniaverdenyc.com/store/product/pewee-salted-potatoes/index.html]
[www.coloniaverdenyc.com/store/product/smoked-nova-salmon-copy/index.html]
[images.getbento.com/accounts/b364399694ba06197e9f6c7181cb6ed0/media/images/4296IMG_3173ee0f.jpg]
[www.coloniaverdenyc.com/store/product/la-colombe-niza-coffee-whole-beans/index.html]
[www.coloniaverdenyc.com/store/product/duck-calentado/index.html]
[www.coloniaverdenyc.com/store/product/smoked-nova-salmon/index.html]
[images.getbento.com/accounts/b364399694ba06197e9f6c7181cb6ed0/media/images/42834IMG_2896ee0f.jpg]
[www.coloniaverdenyc.com/store/product/mexican-chocolate-heavenly-dip/index.html]
[www.coloniaverdenyc.com/store/product/horchata/index.html]
[www.coloniaverdenyc.com/store/product/diy-chilaquiles/index.html]
[images.getbento.com/accounts/b364399694ba06197e9f6c7181cb6ed0/media/images/59920IMG_2783ee0f.jpg]
[www.coloniaverdenyc.com/store/product/spindrift-grapefruit-flavored-sparkling-water-copy/index.html]
[www.coloniaverdenyc.com/store/product/agua-de-jamaica-hibiscus-iced-tea-copy/index.html]
[www.coloniaverdenyc.com/store/product/agua-de-jamaica-hibiscus-iced-tea/index.html]
[www.coloniaverdenyc.com/store/product/folksbier/index.html]
[images.getbento.com/accounts/b364399694ba06197e9f6c7181cb6ed0/media/images/71789IMG_3515ee0f.jpg]
[www.coloniaverdenyc.com/store/product/lagunitas-ipa/index.html]
[www.coloniaverdenyc.com/store/product/tecate/index.html]
[www.coloniaverdenyc.com/store/product/burnt-orange-old-fashioned/index.html]
[images.getbento.com/accounts/b364399694ba06197e9f6c7181cb6ed0/media/images/7651IMG_2450ee0f.jpg]
[www.coloniaverdenyc.com/store/product/la-picosa/index.html]
[www.coloniaverdenyc.com/store/product/tickled-pink/index.html]
[www.coloniaverdenyc.com/store/product/gueroni/index.html]
[images.getbento.com/accounts/b364399694ba06197e9f6c7181cb6ed0/media/images/5505FullSizeRender-4ee0f.jpg]
[images.getbento.com/accounts/b364399694ba06197e9f6c7181cb6ed0/media/images/40207IMG_3533ee0f.jpg]
[www.coloniaverdenyc.com/store/product/swipe-right/index.html]
[www.coloniaverdenyc.com/store/product/socialite/index.html]
[www.coloniaverdenyc.com/store/product/wild-arc-farm-cider-can/index.html]
[www.coloniaverdenyc.com/store/product/iron-lady/index.html]
[images.getbento.com/accounts/b364399694ba06197e9f6c7181cb6ed0/media/images/95699IMG_3549ee0f.jpg]
[www.coloniaverdenyc.com/store/product/wild-arc-farm-piquette-can/index.html]
[www.coloniaverdenyc.com/store/product/cidrerie-du-vulcain-la-transparente-2018/index.html]
[www.coloniaverdenyc.com/store/product/fruktstereo-cider-revolution/index.html]
[images.getbento.com/accounts/b364399694ba06197e9f6c7181cb6ed0/media/images/36362IMG_3548ee0f.jpg]
[www.coloniaverdenyc.com/store/product/terre-di-marca-prosecco-millesimato-bio/index.html]
[www.coloniaverdenyc.com/store/product/none/index.html]
[www.coloniaverdenyc.com/store/product/val-de-mer-french-sparkling-non-dose-nv/index.html]
[images.getbento.com/accounts/b364399694ba06197e9f6c7181cb6ed0/media/images/42910IMG_3411ee0f.jpg]
[www.coloniaverdenyc.com/store/product/azienda-agricola-donati/index.html]
[www.coloniaverdenyc.com/store/product/finca-parera-la-clar-white-2018/index.html]
[www.coloniaverdenyc.com/store/product/vina-echeverria-no-es-pituko-valle-del-curico-2019/index.html]
[images.getbento.com/accounts/b364399694ba06197e9f6c7181cb6ed0/media/images/25667IMG_3336ee0f.jpg]
[www.coloniaverdenyc.com/store/product/les-cailloux-du-paradis-romorantin/index.html]
[www.coloniaverdenyc.com/store/product/domaine-kumpf-et-meyer-alsace-ya-plus-qua-2017-1l/index.html]
[www.coloniaverdenyc.com/store/product/valentina-passalacqua-sovracchiaro-bianco-2018/index.html]
[www.coloniaverdenyc.com/store/product/la-sibilla-campi-flegrei-falanghina/index.html]
[images.getbento.com/accounts/b364399694ba06197e9f6c7181cb6ed0/media/images/22680IMG_2435ee0f.jpg]
[www.coloniaverdenyc.com/store/product/collective-z/index.html]
[www.coloniaverdenyc.com/store/product/statera-cellars-chardonnay-synergy-chehalem-mountains/index.html]
[www.coloniaverdenyc.com/store/product/veltlina-slobdone/index.html]
[images.getbento.com/accounts/b364399694ba06197e9f6c7181cb6ed0/media/images/43477IMG_3342ee0f.jpg]
[www.coloniaverdenyc.com/store/product/costador-terroirs-mediterranis-catalunya-metamorphika-macabeu-brisat-2018/index.html]
[www.coloniaverdenyc.com/store/product/familie-bauer-osterreich-barig-2019/index.html]
[www.coloniaverdenyc.com/store/product/caleb-leisure-wines-mother-knows-2018/index.html]
[images.getbento.com/accounts/b364399694ba06197e9f6c7181cb6ed0/media/images/52335IMG_2889ee0f.jpg]
[www.coloniaverdenyc.com/store/product/masiero-veneto-garganega-lazaro-2017/index.html]
[www.coloniaverdenyc.com/store/product/gustavo-martinez-korinta-valle-del-itata-2019/index.html]
[www.coloniaverdenyc.com/store/product/christian-tschida-himmel-auf-erden-maischevergoren/index.html]
[images.getbento.com/accounts/b364399694ba06197e9f6c7181cb6ed0/media/images/44311IMG_2670ee0f.jpg]
[images.getbento.com/accounts/b364399694ba06197e9f6c7181cb6ed0/media/images/78870FullSizeRender-8ee0f.jpg]
[www.coloniaverdenyc.com/store/product/ruth-lewandowski-feints-2018/index.html]
[www.coloniaverdenyc.com/store/product/viteadovest-terre-siciliane-bianco/index.html]
[www.coloniaverdenyc.com/store/product/lammidia-miscela-vino-rosato/index.html]
[images.getbento.com/accounts/b364399694ba06197e9f6c7181cb6ed0/media/images/57723IMG_3412ee0f.jpg]
[www.coloniaverdenyc.com/store/product/frank-cornelissen-susucaru-terre-siciliane-rosso-2018/index.html]
[www.coloniaverdenyc.com/store/product/la-clarine/index.html]
[www.coloniaverdenyc.com/store/product/wild-arc-farm-teroldego/index.html]
[images.getbento.com/accounts/b364399694ba06197e9f6c7181cb6ed0/media/images/12701IMG_2669ee0f.jpg]
[images.getbento.com/accounts/b364399694ba06197e9f6c7181cb6ed0/media/images/60712FullSizeRender-7ee0f.jpg]
[images.getbento.com/accounts/b364399694ba06197e9f6c7181cb6ed0/media/images/87409IMG_2437ee0f.jpg]
[www.coloniaverdenyc.com/store/product/calcarius/index.html]
[www.coloniaverdenyc.com/store/product/purity/index.html]
[images.getbento.com/accounts/b364399694ba06197e9f6c7181cb6ed0/media/images/51319IMG_3529-1ee0f.jpg]
[images.getbento.com/accounts/b364399694ba06197e9f6c7181cb6ed0/media/images/83234IMG_3347ee0f.jpg]
[www.coloniaverdenyc.com/store/product/fabien-jouves-you-fuck-my-wine/index.html]
[images.getbento.com/accounts/b364399694ba06197e9f6c7181cb6ed0/media/images/28682IMG_3343ee0f.jpg]
[www.coloniaverdenyc.com/store/product/vina-gonzalez-bastias-pais-en-tinaja-valle-del-maule-2017/index.html]
[images.getbento.com/accounts/b364399694ba06197e9f6c7181cb6ed0/media/images/40815IMG_3339ee0f.jpg]
[www.coloniaverdenyc.com/store/product/els-vinyerons-penedes-saltamarti-negre-2018/index.html]
[images.getbento.com/accounts/b364399694ba06197e9f6c7181cb6ed0/media/images/1280IMG_3338ee0f.jpg]
[www.coloniaverdenyc.com/store/product/lange-vin-le-regard-2017/index.html]
[www.coloniaverdenyc.com/store/product/domaine-migot-cotes-de-toul-pinot-noir-2018/index.html]
[images.getbento.com/accounts/b364399694ba06197e9f6c7181cb6ed0/media/images/37045IMG_2887ee0f.jpg]
[images.getbento.com/accounts/b364399694ba06197e9f6c7181cb6ed0/media/images/58103IMG_2624ee0f.jpg]
[www.coloniaverdenyc.com/store/product/bodegas-cueva-utiel-requena-tinto-cueva-2017/index.html]
[images.getbento.com/accounts/b364399694ba06197e9f6c7181cb6ed0/media/images/96304FullSizeRender-11ee0f.jpg]
[www.coloniaverdenyc.com/store/product/dirty-rowdy-msg-chalone-2018/index.html]
[images.getbento.com/accounts/b364399694ba06197e9f6c7181cb6ed0/media/images/99674IMG_2673ee0f.jpg]
[www.coloniaverdenyc.com/store/product/caleb-leisure-wines-sierra-foothills-ab-ovo/index.html]
[www.coloniaverdenyc.com/store/product/domaine-du-pech-buzet-le-pech-abuse-2014/index.html]
[images.getbento.com/accounts/b364399694ba06197e9f6c7181cb6ed0/media/images/34580IMG_3132ee0f.jpg]
[images.getbento.com/accounts/b364399694ba06197e9f6c7181cb6ed0/media/images/53946368390EF-8675-43EF-B8CB-9BF5FD04F118_1_105_cee0f.jpg]
[www.coloniaverdenyc.com/store/product/clos-fantine/index.html]
[images.getbento.com/accounts/b364399694ba06197e9f6c7181cb6ed0/media/images/77104B282ED6C-F90F-452D-9B12-A17DAB8B33D4_1_105_cee0f.jpg]
[images.getbento.com/accounts/b364399694ba06197e9f6c7181cb6ed0/media/images/9971519B5E980-28D8-4869-8E06-E06F5E907D17_1_105_cee0f.jpg]
[images.getbento.com/accounts/b364399694ba06197e9f6c7181cb6ed0/media/images/9802878285342-FD18-484D-9CA8-2FCB654C46C3_1_201_aee0f.jpg]
[www.coloniaverdenyc.com/store/product/de-leyenda-guerrero/index.html]
[www.coloniaverdenyc.com/store/product/erstwhile-mezcal/index.html]
[images.getbento.com/accounts/b364399694ba06197e9f6c7181cb6ed0/media/images/814270930413F-48D2-4BAE-BEE1-0886E7700319_1_105_cee0f.jpg]
[www.coloniaverdenyc.com/store/product/mezcal-mal-bien/index.html]
[images.getbento.com/accounts/b364399694ba06197e9f6c7181cb6ed0/media/images/4661905936E41-783C-441A-A19C-67DB54AB610E_1_105_cee0f.jpg]
[www.coloniaverdenyc.com/store/product/peloton-de-la-muerte/index.html]
[www.coloniaverdenyc.com/store/product/yola-mezcal/index.html]
[images.getbento.com/accounts/b364399694ba06197e9f6c7181cb6ed0/media/images/11145643C56AD-1280-4995-8E58-9882AA58EA18_1_105_cee0f.jpg]
[www.coloniaverdenyc.com/store/product/derumbes-san-luis-potosi/index.html]
[images.getbento.com/accounts/b364399694ba06197e9f6c7181cb6ed0/media/images/457440660088A-0FAD-4973-B34E-3168D47CCBC1_1_105_cee0f.jpg]
[www.coloniaverdenyc.com/store/product/derrumbes-zacatecas/index.html]
[images.getbento.com/accounts/b364399694ba06197e9f6c7181cb6ed0/media/images/43732A85BC7AB-C475-4921-ACAB-1E297C585226_1_105_cee0f.jpg]
[www.coloniaverdenyc.com/store/product/palenqueros-juan-hernandez/index.html]
[images.getbento.com/accounts/b364399694ba06197e9f6c7181cb6ed0/media/images/324676440DAC2-A7E9-4552-AC39-66CF93E9E8D4_1_105_cee0f.jpg]
[www.coloniaverdenyc.com/store/product/palenqueros-alberto-ortiz/index.html]
[images.getbento.com/accounts/b364399694ba06197e9f6c7181cb6ed0/media/images/90637FullSizeRender-4ee0f.jpg]
[www.coloniaverdenyc.com/store/product/palenqueros-valente-garcia/index.html]
[images.getbento.com/accounts/b364399694ba06197e9f6c7181cb6ed0/media/images/51438IMG_3451ee0f.jpg]
[www.coloniaverdenyc.com/store/product/mezcal-sipping-copitas/index.html]
[www.coloniaverdenyc.com/store/product/the-perfect-wine-glass/index.html]
[images.getbento.com/accounts/b364399694ba06197e9f6c7181cb6ed0/media/images/50887180622_ColoniaVerde_MenuUpdate-10ee0f.gif]
[www.coloniaverdenyc.com/store/product/tote-bag/index.html]
[images.getbento.com/accounts/b364399694ba06197e9f6c7181cb6ed0/media/images/24865IMG_3601b729.jpg]
[images.getbento.com/accounts/b364399694ba06197e9f6c7181cb6ed0/media/images/93806Comodo-07b729.jpg]
[www.coloniaverdenyc.com/store/product/trout-taco-class-copy/index.html]
[www.coloniaverdenyc.com/store/product/trout-taco-class/index.html]
[images.getbento.com/accounts/b364399694ba06197e9f6c7181cb6ed0/media/images/53946368390EF-8675-43EF-B8CB-9BF5FD04F118_1_105_cb729.jpg]
[images.getbento.com/accounts/b364399694ba06197e9f6c7181cb6ed0/media/images/77104B282ED6C-F90F-452D-9B12-A17DAB8B33D4_1_105_cb729.jpg]
[images.getbento.com/accounts/b364399694ba06197e9f6c7181cb6ed0/media/images/48285IMG_3537b729.jpg]
[images.getbento.com/accounts/b364399694ba06197e9f6c7181cb6ed0/media/images/71651IMG_3536b729.jpg]
[images.getbento.com/accounts/b364399694ba06197e9f6c7181cb6ed0/media/images/66720IMG_3532b729.jpg]
[images.getbento.com/accounts/b364399694ba06197e9f6c7181cb6ed0/media/images/74613IMG_3531b729.jpg]
[images.getbento.com/accounts/b364399694ba06197e9f6c7181cb6ed0/media/images/40207IMG_3533b729.jpg]
[images.getbento.com/accounts/b364399694ba06197e9f6c7181cb6ed0/media/images/51319IMG_3529-1b729.jpg]
[images.getbento.com/accounts/b364399694ba06197e9f6c7181cb6ed0/media/images/95699IMG_3549b729.jpg]
[images.getbento.com/accounts/b364399694ba06197e9f6c7181cb6ed0/media/images/36362IMG_3548b729.jpg]
[images.getbento.com/accounts/b364399694ba06197e9f6c7181cb6ed0/media/images/4117IMG_3141b729.jpg]
[images.getbento.com/accounts/b364399694ba06197e9f6c7181cb6ed0/media/images/83234IMG_3347b729.jpg]
[images.getbento.com/accounts/b364399694ba06197e9f6c7181cb6ed0/media/images/28682IMG_3343b729.jpg]
[images.getbento.com/accounts/b364399694ba06197e9f6c7181cb6ed0/media/images/57723IMG_3412b729.jpg]
[images.getbento.com/accounts/b364399694ba06197e9f6c7181cb6ed0/media/images/49027IMG_3346b729.jpg]
[images.getbento.com/accounts/b364399694ba06197e9f6c7181cb6ed0/media/images/90637FullSizeRender-4b729.jpg]
[images.getbento.com/accounts/b364399694ba06197e9f6c7181cb6ed0/media/images/51438IMG_3451b729.jpg]
[images.getbento.com/accounts/b364399694ba06197e9f6c7181cb6ed0/media/images/88076IMG_3450b729.jpg]
[images.getbento.com/accounts/b364399694ba06197e9f6c7181cb6ed0/media/images/42910IMG_3411b729.jpg]
[images.getbento.com/accounts/b364399694ba06197e9f6c7181cb6ed0/media/images/26380IMG_3334b729.jpg]
[images.getbento.com/accounts/b364399694ba06197e9f6c7181cb6ed0/media/images/40815IMG_3339b729.jpg]
[images.getbento.com/accounts/b364399694ba06197e9f6c7181cb6ed0/media/images/1280IMG_3338b729.jpg]
[images.getbento.com/accounts/b364399694ba06197e9f6c7181cb6ed0/media/images/4296IMG_3173b729.jpg]
[images.getbento.com/accounts/b364399694ba06197e9f6c7181cb6ed0/media/images/25667IMG_3336b729.jpg]
[images.getbento.com/accounts/b364399694ba06197e9f6c7181cb6ed0/media/images/52335IMG_2889b729.jpg]
[images.getbento.com/accounts/b364399694ba06197e9f6c7181cb6ed0/media/images/12701IMG_2669b729.jpg]
[images.getbento.com/accounts/b364399694ba06197e9f6c7181cb6ed0/media/images/44311IMG_2670b729.jpg]
[images.getbento.com/accounts/b364399694ba06197e9f6c7181cb6ed0/media/images/9131IMG_3256b729.jpg]
[images.getbento.com/accounts/b364399694ba06197e9f6c7181cb6ed0/media/images/47732Screen_Shot_2020-04-13_at_2.47.39_PMb729.jpg]
[images.getbento.com/accounts/b364399694ba06197e9f6c7181cb6ed0/media/images/9971519B5E980-28D8-4869-8E06-E06F5E907D17_1_105_cb729.jpg]
[images.getbento.com/accounts/b364399694ba06197e9f6c7181cb6ed0/media/images/9802878285342-FD18-484D-9CA8-2FCB654C46C3_1_201_ab729.jpg]
[images.getbento.com/accounts/b364399694ba06197e9f6c7181cb6ed0/media/images/814270930413F-48D2-4BAE-BEE1-0886E7700319_1_105_cb729.jpg]
[images.getbento.com/accounts/b364399694ba06197e9f6c7181cb6ed0/media/images/4661905936E41-783C-441A-A19C-67DB54AB610E_1_105_cb729.jpg]
[images.getbento.com/accounts/b364399694ba06197e9f6c7181cb6ed0/media/images/11145643C56AD-1280-4995-8E58-9882AA58EA18_1_105_cb729.jpg]
[images.getbento.com/accounts/b364399694ba06197e9f6c7181cb6ed0/media/images/457440660088A-0FAD-4973-B34E-3168D47CCBC1_1_105_cb729.jpg]
[images.getbento.com/accounts/b364399694ba06197e9f6c7181cb6ed0/media/images/43732A85BC7AB-C475-4921-ACAB-1E297C585226_1_105_cb729.jpg]
[images.getbento.com/accounts/b364399694ba06197e9f6c7181cb6ed0/media/images/324676440DAC2-A7E9-4552-AC39-66CF93E9E8D4_1_105_cb729.jpg]
[images.getbento.com/accounts/b364399694ba06197e9f6c7181cb6ed0/media/images/37045IMG_2887b729.jpg]
[images.getbento.com/accounts/b364399694ba06197e9f6c7181cb6ed0/media/images/42834IMG_2896b729.jpg]
[images.getbento.com/accounts/b364399694ba06197e9f6c7181cb6ed0/media/images/59920IMG_2783b729.jpg]
[images.getbento.com/accounts/b364399694ba06197e9f6c7181cb6ed0/media/images/17614IMG_2674b729.jpg]
[images.getbento.com/accounts/b364399694ba06197e9f6c7181cb6ed0/media/images/63027IMG_2782b729.jpg]
[images.getbento.com/accounts/b364399694ba06197e9f6c7181cb6ed0/media/images/58103IMG_2624b729.jpg]
[images.getbento.com/accounts/b364399694ba06197e9f6c7181cb6ed0/media/images/41692Artboard18xb729.png]
[images.getbento.com/accounts/b364399694ba06197e9f6c7181cb6ed0/media/images/50887180622_ColoniaVerde_MenuUpdate-10b729.gif]
[images.getbento.com/accounts/b364399694ba06197e9f6c7181cb6ed0/media/images/96304FullSizeRender-11b729.jpg]
[images.getbento.com/accounts/b364399694ba06197e9f6c7181cb6ed0/media/images/22680IMG_2435b729.jpg]
[images.getbento.com/accounts/b364399694ba06197e9f6c7181cb6ed0/media/images/71789IMG_3515b729.jpg]
[images.getbento.com/accounts/b364399694ba06197e9f6c7181cb6ed0/media/images/43477IMG_3342b729.jpg]
[images.getbento.com/accounts/b364399694ba06197e9f6c7181cb6ed0/media/images/99674IMG_2673b729.jpg]
[images.getbento.com/accounts/b364399694ba06197e9f6c7181cb6ed0/media/images/40559Copy_of_IRON_LADYb729.jpg]
[images.getbento.com/accounts/b364399694ba06197e9f6c7181cb6ed0/media/images/12812Copy_of_SRb729.jpg]
[images.getbento.com/accounts/b364399694ba06197e9f6c7181cb6ed0/media/images/7651IMG_2450b729.jpg]
[images.getbento.com/accounts/b364399694ba06197e9f6c7181cb6ed0/media/images/5505FullSizeRender-4b729.jpg]
[images.getbento.com/accounts/b364399694ba06197e9f6c7181cb6ed0/media/images/78870FullSizeRender-8b729.jpg]
[images.getbento.com/accounts/b364399694ba06197e9f6c7181cb6ed0/media/images/60712FullSizeRender-7b729.jpg]
[images.getbento.com/accounts/b364399694ba06197e9f6c7181cb6ed0/media/images/87409IMG_2437b729.jpg]
[images.getbento.com/accounts/b364399694ba06197e9f6c7181cb6ed0/media/images/34580IMG_3132b729.jpg]
[images.getbento.com/accounts/b364399694ba06197e9f6c7181cb6ed0/media/images/95917donatib729.jpg]
[www.coloniaverdenyc.com/store/catering/index.html]
[images.getbento.com/accounts/b364399694ba06197e9f6c7181cb6ed0/media/images/63042unspecified-411d2.jpg]
[images.getbento.com/accounts/b364399694ba06197e9f6c7181cb6ed0/media/images/63042unspecified-48417.jpg]
[www.coloniaverdenyc.com/store/events/index.html]
[www.coloniaverdenyc.com/store/cart/index.html]
[www.coloniaverdenyc.com/store/product/diy-lamb-sliders/index.html]
[images.getbento.com/accounts/b364399694ba06197e9f6c7181cb6ed0/media/images/93806Comodo-0711d2.jpg]
[www.coloniaverdenyc.com/store/product/natty-wines-mezcales/index.html]
[www.coloniaverdenyc.com/store/product/add-a-soup-for-a-first-responderhospital-worker-copy-1/index.html]
[www.coloniaverdenyc.com/store/product/add-a-soup-for-a-first-responderhospital-worker-copy/index.html]
[images.getbento.com/accounts/b364399694ba06197e9f6c7181cb6ed0/media/images/9131IMG_325611d2.jpg]
[images.getbento.com/accounts/b364399694ba06197e9f6c7181cb6ed0/media/images/41692Artboard18x11d2.png]
[www.coloniaverdenyc.com/store/product/hungry-vintage/index.html]
[www.coloniaverdenyc.com/store/product/nixtamal-tortilla-chips/index.html]
[www.coloniaverdenyc.com/store/product/frozen-pao-de-queijo/index.html]
[www.coloniaverdenyc.com/store/product/frozen-arepas/index.html]
[www.coloniaverdenyc.com/store/product/tortillas-copy/index.html]
[www.coloniaverdenyc.com/store/product/tortillas/index.html]
[www.coloniaverdenyc.com/store/product/homemade-ranch-dressing/index.html]
[www.coloniaverdenyc.com/store/product/mushroom-mezcal-mole/index.html]
[www.coloniaverdenyc.com/store/product/habanero-aioli/index.html]
[www.coloniaverdenyc.com/store/product/chipotle-crema/index.html]
[www.coloniaverdenyc.com/store/product/salsa-verde/index.html]
[www.coloniaverdenyc.com/store/product/first-responder-stew-of-the-week/index.html]
[www.coloniaverdenyc.com/store/product/wild-mushroom-soup/index.html]
[www.coloniaverdenyc.com/store/product/ajiaco-soup/index.html]
[www.coloniaverdenyc.com/store/product/beet-salad/index.html]
[www.coloniaverdenyc.com/store/product/rainbow-carrots/index.html]
[www.coloniaverdenyc.com/store/product/turmeric-riced-cauliflower-and-lentils/index.html]
[www.coloniaverdenyc.com/store/product/brazilian-chicken-stroganoff/index.html]
[www.coloniaverdenyc.com/store/product/diy-rainbow-trout-ceviche/index.html]
[www.coloniaverdenyc.com/store/product/carnitas/index.html]
[www.coloniaverdenyc.com/store/product/shrimp-al-ajillo/index.html]
[www.coloniaverdenyc.com/store/product/poblano-pepper-bolognese/index.html]
[www.coloniaverdenyc.com/store/product/duck/index.html]
[www.coloniaverdenyc.com/store/product/steelhead-rainbow-trout/index.html]
[www.coloniaverdenyc.com/store/product/pork-chop-w-recado-negro/index.html]
[www.coloniaverdenyc.com/store/product/skirt-steak/index.html]
[www.coloniaverdenyc.com/store/product/bone-in-ribeye/index.html]
[www.coloniaverdenyc.com/store/product/picanha-steak/index.html]
[www.coloniaverdenyc.com/store/product/hudson-valley-fresh-chocolate-milk/index.html]
[www.coloniaverdenyc.com/store/product/hudson-valley-fresh-whole-milk/index.html]
[www.coloniaverdenyc.com/store/product/ronnybrook-unsalted-butter/index.html]
[www.coloniaverdenyc.com/store/product/wild-ramps/index.html]
[www.coloniaverdenyc.com/store/product/seasonal-local-honey/index.html]
[www.coloniaverdenyc.com/store/product/eggs-organic-and-pasture-raised-1-dozen/index.html]
[www.coloniaverdenyc.com/store/product/chefs-mix-of-mushrooms/index.html]
[www.coloniaverdenyc.com/store/product/cv-mixed-greens/index.html]
[www.coloniaverdenyc.com/store/product/black-beans/index.html]
[www.coloniaverdenyc.com/store/product/jasmine-rice/index.html]
[www.coloniaverdenyc.com/store/product/arborio-rice/index.html]
[www.coloniaverdenyc.com/store/product/serrano-peppers/index.html]
[www.coloniaverdenyc.com/store/product/cilantro/index.html]
[www.coloniaverdenyc.com/store/product/limes/index.html]
[www.coloniaverdenyc.com/store/product/avocados/index.html]
[www.coloniaverdenyc.com/store/product/yucca-puree/index.html]
[www.coloniaverdenyc.com/store/product/mac-cheese/index.html]
[www.coloniaverdenyc.com/store/product/cv-red-rice-pilaf/index.html]
[www.coloniaverdenyc.com/store/product/brussels-sprouts-and-chorizo/index.html]
[www.coloniaverdenyc.com/store/product/calaspara-green-rice/index.html]
[www.coloniaverdenyc.com/store/product/pewee-salted-potatoes/index.html]
[www.coloniaverdenyc.com/store/product/smoked-sable-black-cod-copy/index.html]
[www.coloniaverdenyc.com/store/product/smoked-nova-salmon-copy/index.html]
[www.coloniaverdenyc.com/store/product/smoked-nova-salmon/index.html]
[www.coloniaverdenyc.com/store/product/la-colombe-niza-coffee-whole-beans/index.html]
[www.coloniaverdenyc.com/store/product/duck-calentado/index.html]
[www.coloniaverdenyc.com/store/product/diy-chilaquiles/index.html]
[www.coloniaverdenyc.com/store/product/mexican-chocolate-heavenly-dip/index.html]
[www.coloniaverdenyc.com/store/product/horchata/index.html]
[www.coloniaverdenyc.com/store/product/agua-de-jamaica-hibiscus-iced-tea-copy/index.html]
[www.coloniaverdenyc.com/store/product/agua-de-jamaica-hibiscus-iced-tea/index.html]
[www.coloniaverdenyc.com/store/product/spindrift-grapefruit-flavored-sparkling-water-copy/index.html]
[www.coloniaverdenyc.com/store/product/folksbier/index.html]
[www.coloniaverdenyc.com/store/product/tecate/index.html]
[www.coloniaverdenyc.com/store/product/lagunitas-ipa/index.html]
[www.coloniaverdenyc.com/store/product/burnt-orange-old-fashioned/index.html]
[www.coloniaverdenyc.com/store/product/tickled-pink/index.html]
[www.coloniaverdenyc.com/store/product/la-picosa/index.html]
[www.coloniaverdenyc.com/store/product/gueroni/index.html]
[images.getbento.com/accounts/b364399694ba06197e9f6c7181cb6ed0/media/images/88076IMG_345011d2.jpg]
[images.getbento.com/accounts/b364399694ba06197e9f6c7181cb6ed0/media/images/47732Screen_Shot_2020-04-13_at_2.47.39_PM11d2.jpg]
[www.coloniaverdenyc.com/store/product/socialite/index.html]
[www.coloniaverdenyc.com/store/product/iron-lady/index.html]
[images.getbento.com/accounts/b364399694ba06197e9f6c7181cb6ed0/media/images/40559Copy_of_IRON_LADY11d2.jpg]
[www.coloniaverdenyc.com/store/product/swipe-right/index.html]
[images.getbento.com/accounts/b364399694ba06197e9f6c7181cb6ed0/media/images/12812Copy_of_SR11d2.jpg]
[images.getbento.com/accounts/b364399694ba06197e9f6c7181cb6ed0/media/images/71651IMG_353611d2.jpg]
[www.coloniaverdenyc.com/store/product/wild-arc-farm-cider-can/index.html]
[images.getbento.com/accounts/b364399694ba06197e9f6c7181cb6ed0/media/images/66720IMG_353211d2.jpg]
[www.coloniaverdenyc.com/store/product/fruktstereo-cider-revolution/index.html]
[images.getbento.com/accounts/b364399694ba06197e9f6c7181cb6ed0/media/images/74613IMG_353111d2.jpg]
[www.coloniaverdenyc.com/store/product/cidrerie-du-vulcain-la-transparente-2018/index.html]
[images.getbento.com/accounts/b364399694ba06197e9f6c7181cb6ed0/media/images/48285IMG_353711d2.jpg]
[www.coloniaverdenyc.com/store/product/wild-arc-farm-piquette-can/index.html]
[images.getbento.com/accounts/b364399694ba06197e9f6c7181cb6ed0/media/images/49027IMG_334611d2.jpg]
[www.coloniaverdenyc.com/store/product/val-de-mer-french-sparkling-non-dose-nv/index.html]
[images.getbento.com/accounts/b364399694ba06197e9f6c7181cb6ed0/media/images/17614IMG_267411d2.jpg]
[www.coloniaverdenyc.com/store/product/none/index.html]
[images.getbento.com/accounts/b364399694ba06197e9f6c7181cb6ed0/media/images/63027IMG_278211d2.jpg]
[www.coloniaverdenyc.com/store/product/terre-di-marca-prosecco-millesimato-bio/index.html]
[images.getbento.com/accounts/b364399694ba06197e9f6c7181cb6ed0/media/images/95917donati11d2.jpg]
[www.coloniaverdenyc.com/store/product/azienda-agricola-donati/index.html]
[images.getbento.com/accounts/b364399694ba06197e9f6c7181cb6ed0/media/images/24865IMG_360111d2.jpg]
[www.coloniaverdenyc.com/store/product/vina-echeverria-no-es-pituko-valle-del-curico-2019/index.html]
[images.getbento.com/accounts/b364399694ba06197e9f6c7181cb6ed0/media/images/4117IMG_314111d2.jpg]
[www.coloniaverdenyc.com/store/product/finca-parera-la-clar-white-2018/index.html]
[images.getbento.com/accounts/b364399694ba06197e9f6c7181cb6ed0/media/images/26380IMG_333411d2.jpg]
[www.coloniaverdenyc.com/store/product/domaine-kumpf-et-meyer-alsace-ya-plus-qua-2017-1l/index.html]
[images.getbento.com/accounts/b364399694ba06197e9f6c7181cb6ed0/media/images/4296IMG_317311d2.jpg]
[www.coloniaverdenyc.com/store/product/valentina-passalacqua-sovracchiaro-bianco-2018/index.html]
[images.getbento.com/accounts/b364399694ba06197e9f6c7181cb6ed0/media/images/42834IMG_289611d2.jpg]
[www.coloniaverdenyc.com/store/product/les-cailloux-du-paradis-romorantin/index.html]
[images.getbento.com/accounts/b364399694ba06197e9f6c7181cb6ed0/media/images/59920IMG_278311d2.jpg]
[www.coloniaverdenyc.com/store/product/la-sibilla-campi-flegrei-falanghina/index.html]
[images.getbento.com/accounts/b364399694ba06197e9f6c7181cb6ed0/media/images/71789IMG_351511d2.jpg]
[www.coloniaverdenyc.com/store/product/statera-cellars-chardonnay-synergy-chehalem-mountains/index.html]
[images.getbento.com/accounts/b364399694ba06197e9f6c7181cb6ed0/media/images/7651IMG_245011d2.jpg]
[www.coloniaverdenyc.com/store/product/veltlina-slobdone/index.html]
[images.getbento.com/accounts/b364399694ba06197e9f6c7181cb6ed0/media/images/5505FullSizeRender-411d2.jpg]
[www.coloniaverdenyc.com/store/product/collective-z/index.html]
[images.getbento.com/accounts/b364399694ba06197e9f6c7181cb6ed0/media/images/40207IMG_353311d2.jpg]
[www.coloniaverdenyc.com/store/product/caleb-leisure-wines-mother-knows-2018/index.html]
[images.getbento.com/accounts/b364399694ba06197e9f6c7181cb6ed0/media/images/95699IMG_354911d2.jpg]
[www.coloniaverdenyc.com/store/product/costador-terroirs-mediterranis-catalunya-metamorphika-macabeu-brisat-2018/index.html]
[images.getbento.com/accounts/b364399694ba06197e9f6c7181cb6ed0/media/images/36362IMG_354811d2.jpg]
[www.coloniaverdenyc.com/store/product/familie-bauer-osterreich-barig-2019/index.html]
[images.getbento.com/accounts/b364399694ba06197e9f6c7181cb6ed0/media/images/42910IMG_341111d2.jpg]
[www.coloniaverdenyc.com/store/product/gustavo-martinez-korinta-valle-del-itata-2019/index.html]
[images.getbento.com/accounts/b364399694ba06197e9f6c7181cb6ed0/media/images/25667IMG_333611d2.jpg]
[www.coloniaverdenyc.com/store/product/masiero-veneto-garganega-lazaro-2017/index.html]
[images.getbento.com/accounts/b364399694ba06197e9f6c7181cb6ed0/media/images/22680IMG_243511d2.jpg]
[www.coloniaverdenyc.com/store/product/christian-tschida-himmel-auf-erden-maischevergoren/index.html]
[images.getbento.com/accounts/b364399694ba06197e9f6c7181cb6ed0/media/images/43477IMG_334211d2.jpg]
[www.coloniaverdenyc.com/store/product/viteadovest-terre-siciliane-bianco/index.html]
[images.getbento.com/accounts/b364399694ba06197e9f6c7181cb6ed0/media/images/52335IMG_288911d2.jpg]
[www.coloniaverdenyc.com/store/product/lammidia-miscela-vino-rosato/index.html]
[www.coloniaverdenyc.com/store/product/ruth-lewandowski-feints-2018/index.html]
[images.getbento.com/accounts/b364399694ba06197e9f6c7181cb6ed0/media/images/44311IMG_267011d2.jpg]
[images.getbento.com/accounts/b364399694ba06197e9f6c7181cb6ed0/media/images/78870FullSizeRender-811d2.jpg]
[www.coloniaverdenyc.com/store/product/la-clarine/index.html]
[images.getbento.com/accounts/b364399694ba06197e9f6c7181cb6ed0/media/images/57723IMG_341211d2.jpg]
[www.coloniaverdenyc.com/store/product/frank-cornelissen-susucaru-terre-siciliane-rosso-2018/index.html]
[images.getbento.com/accounts/b364399694ba06197e9f6c7181cb6ed0/media/images/12701IMG_266911d2.jpg]
[www.coloniaverdenyc.com/store/product/wild-arc-farm-teroldego/index.html]
[images.getbento.com/accounts/b364399694ba06197e9f6c7181cb6ed0/media/images/60712FullSizeRender-711d2.jpg]
[www.coloniaverdenyc.com/store/product/calcarius/index.html]
[images.getbento.com/accounts/b364399694ba06197e9f6c7181cb6ed0/media/images/87409IMG_243711d2.jpg]
[www.coloniaverdenyc.com/store/product/purity/index.html]
[images.getbento.com/accounts/b364399694ba06197e9f6c7181cb6ed0/media/images/51319IMG_3529-111d2.jpg]
[www.coloniaverdenyc.com/store/product/fabien-jouves-you-fuck-my-wine/index.html]
[images.getbento.com/accounts/b364399694ba06197e9f6c7181cb6ed0/media/images/83234IMG_334711d2.jpg]
[www.coloniaverdenyc.com/store/product/vina-gonzalez-bastias-pais-en-tinaja-valle-del-maule-2017/index.html]
[images.getbento.com/accounts/b364399694ba06197e9f6c7181cb6ed0/media/images/28682IMG_334311d2.jpg]
[www.coloniaverdenyc.com/store/product/els-vinyerons-penedes-saltamarti-negre-2018/index.html]
[images.getbento.com/accounts/b364399694ba06197e9f6c7181cb6ed0/media/images/40815IMG_333911d2.jpg]
[www.coloniaverdenyc.com/store/product/lange-vin-le-regard-2017/index.html]
[images.getbento.com/accounts/b364399694ba06197e9f6c7181cb6ed0/media/images/1280IMG_333811d2.jpg]
[www.coloniaverdenyc.com/store/product/domaine-migot-cotes-de-toul-pinot-noir-2018/index.html]
[www.coloniaverdenyc.com/store/product/bodegas-cueva-utiel-requena-tinto-cueva-2017/index.html]
[images.getbento.com/accounts/b364399694ba06197e9f6c7181cb6ed0/media/images/37045IMG_288711d2.jpg]
[images.getbento.com/accounts/b364399694ba06197e9f6c7181cb6ed0/media/images/58103IMG_262411d2.jpg]
[www.coloniaverdenyc.com/store/product/dirty-rowdy-msg-chalone-2018/index.html]
[images.getbento.com/accounts/b364399694ba06197e9f6c7181cb6ed0/media/images/96304FullSizeRender-1111d2.jpg]
[www.coloniaverdenyc.com/store/product/caleb-leisure-wines-sierra-foothills-ab-ovo/index.html]
[images.getbento.com/accounts/b364399694ba06197e9f6c7181cb6ed0/media/images/99674IMG_267311d2.jpg]
[www.coloniaverdenyc.com/store/product/domaine-du-pech-buzet-le-pech-abuse-2014/index.html]
[images.getbento.com/accounts/b364399694ba06197e9f6c7181cb6ed0/media/images/34580IMG_313211d2.jpg]
[www.coloniaverdenyc.com/store/product/clos-fantine/index.html]
[images.getbento.com/accounts/b364399694ba06197e9f6c7181cb6ed0/media/images/53946368390EF-8675-43EF-B8CB-9BF5FD04F118_1_105_c11d2.jpg]
[www.coloniaverdenyc.com/store/product/de-leyenda-guerrero/index.html]
[images.getbento.com/accounts/b364399694ba06197e9f6c7181cb6ed0/media/images/77104B282ED6C-F90F-452D-9B12-A17DAB8B33D4_1_105_c11d2.jpg]
[www.coloniaverdenyc.com/store/product/erstwhile-mezcal/index.html]
[images.getbento.com/accounts/b364399694ba06197e9f6c7181cb6ed0/media/images/9971519B5E980-28D8-4869-8E06-E06F5E907D17_1_105_c11d2.jpg]
[www.coloniaverdenyc.com/store/product/mezcal-mal-bien/index.html]
[images.getbento.com/accounts/b364399694ba06197e9f6c7181cb6ed0/media/images/9802878285342-FD18-484D-9CA8-2FCB654C46C3_1_201_a11d2.jpg]
[www.coloniaverdenyc.com/store/product/yola-mezcal/index.html]
[images.getbento.com/accounts/b364399694ba06197e9f6c7181cb6ed0/media/images/814270930413F-48D2-4BAE-BEE1-0886E7700319_1_105_c11d2.jpg]
[www.coloniaverdenyc.com/store/product/peloton-de-la-muerte/index.html]
[images.getbento.com/accounts/b364399694ba06197e9f6c7181cb6ed0/media/images/4661905936E41-783C-441A-A19C-67DB54AB610E_1_105_c11d2.jpg]
[www.coloniaverdenyc.com/store/product/derumbes-san-luis-potosi/index.html]
[images.getbento.com/accounts/b364399694ba06197e9f6c7181cb6ed0/media/images/11145643C56AD-1280-4995-8E58-9882AA58EA18_1_105_c11d2.jpg]
[www.coloniaverdenyc.com/store/product/derrumbes-zacatecas/index.html]
[images.getbento.com/accounts/b364399694ba06197e9f6c7181cb6ed0/media/images/457440660088A-0FAD-4973-B34E-3168D47CCBC1_1_105_c11d2.jpg]
[www.coloniaverdenyc.com/store/product/palenqueros-juan-hernandez/index.html]
[images.getbento.com/accounts/b364399694ba06197e9f6c7181cb6ed0/media/images/43732A85BC7AB-C475-4921-ACAB-1E297C585226_1_105_c11d2.jpg]
[www.coloniaverdenyc.com/store/product/palenqueros-alberto-ortiz/index.html]
[images.getbento.com/accounts/b364399694ba06197e9f6c7181cb6ed0/media/images/324676440DAC2-A7E9-4552-AC39-66CF93E9E8D4_1_105_c11d2.jpg]
[www.coloniaverdenyc.com/store/product/palenqueros-valente-garcia/index.html]
[images.getbento.com/accounts/b364399694ba06197e9f6c7181cb6ed0/media/images/90637FullSizeRender-411d2.jpg]
[www.coloniaverdenyc.com/store/product/mezcal-sipping-copitas/index.html]
[images.getbento.com/accounts/b364399694ba06197e9f6c7181cb6ed0/media/images/51438IMG_345111d2.jpg]
[www.coloniaverdenyc.com/store/product/the-perfect-wine-glass/index.html]
[www.coloniaverdenyc.com/store/product/tote-bag/index.html]
[www.coloniaverdenyc.com/store/product/trout-taco-class-copy/index.html]
[www.coloniaverdenyc.com/store/product/trout-taco-class/index.html]
[images.getbento.com/accounts/b364399694ba06197e9f6c7181cb6ed0/media/images/50887180622_ColoniaVerde_MenuUpdate-1011d2.gif]
[theme-assets.getbento.com/sensei/361b666.sensei/assets/js/head.min.js]
[www.coloniaverdenyc.com/location/colonia-verde/index.html]
[theme-assets.getbento.com/sensei/361b666.sensei/assets/js/foot.libs.min.js]
[theme-assets.getbento.com/sensei/361b666.sensei/assets/js/bentobox.min.js]
[assets-cdn.getbento.com/static/analytics/js/bento-analytics.min.8e22d4c747b0.js]
[images.getbento.com/accounts/b364399694ba06197e9f6c7181cb6ed0/media/images/27383cv-logoee08.jpg]
[images.getbento.com/accounts/b364399694ba06197e9f6c7181cb6ed0/media/images/5879171220_ColoniaVerde_SocialMedia-138417.jpg]
[www.coloniaverdenyc.com/store/product/diy-lamb-sliders/index.html]
[images.getbento.com/accounts/b364399694ba06197e9f6c7181cb6ed0/media/images/23830170323_ColoniaVerde-18417.jpg]
[images.getbento.com/accounts/b364399694ba06197e9f6c7181cb6ed0/media/images/10528170323_ColoniaVerde-98417.jpg]
[www.coloniaverdenyc.com/store/product/folksbier/index.html]
[www.coloniaverdenyc.com/store/product/iron-lady/index.html]
[www.coloniaverdenyc.com/store/product/swipe-right/index.html]
[images.getbento.com/accounts/b364399694ba06197e9f6c7181cb6ed0/media/images/88076IMG_3450ee0f.jpg]
[www.coloniaverdenyc.com/store/product/wild-arc-farm-cider-can/index.html]
[images.getbento.com/accounts/b364399694ba06197e9f6c7181cb6ed0/media/images/47732Screen_Shot_2020-04-13_at_2.47.39_PMee0f.jpg]
[images.getbento.com/accounts/b364399694ba06197e9f6c7181cb6ed0/media/images/40559Copy_of_IRON_LADYee0f.jpg]
[www.coloniaverdenyc.com/store/product/cidrerie-du-vulcain-la-transparente-2018/index.html]
[www.coloniaverdenyc.com/store/product/wild-arc-farm-piquette-can/index.html]
[www.coloniaverdenyc.com/store/product/val-de-mer-french-sparkling-non-dose-nv/index.html]
[www.coloniaverdenyc.com/store/product/none/index.html]
[www.coloniaverdenyc.com/store/product/terre-di-marca-prosecco-millesimato-bio/index.html]
[www.coloniaverdenyc.com/store/product/azienda-agricola-donati/index.html]
[www.coloniaverdenyc.com/store/product/vina-echeverria-no-es-pituko-valle-del-curico-2019/index.html]
[www.coloniaverdenyc.com/store/product/finca-parera-la-clar-white-2018/index.html]
[www.coloniaverdenyc.com/store/product/domaine-kumpf-et-meyer-alsace-ya-plus-qua-2017-1l/index.html]
[www.coloniaverdenyc.com/store/product/valentina-passalacqua-sovracchiaro-bianco-2018/index.html]
[www.coloniaverdenyc.com/store/product/les-cailloux-du-paradis-romorantin/index.html]
[www.coloniaverdenyc.com/store/product/la-sibilla-campi-flegrei-falanghina/index.html]
[www.coloniaverdenyc.com/store/product/statera-cellars-chardonnay-synergy-chehalem-mountains/index.html]
[www.coloniaverdenyc.com/store/product/veltlina-slobdone/index.html]
[www.coloniaverdenyc.com/store/product/collective-z/index.html]
[images.getbento.com/accounts/b364399694ba06197e9f6c7181cb6ed0/media/images/66720IMG_3532ee0f.jpg]
[images.getbento.com/accounts/b364399694ba06197e9f6c7181cb6ed0/media/images/74613IMG_3531ee0f.jpg]
[www.coloniaverdenyc.com/store/product/costador-terroirs-mediterranis-catalunya-metamorphika-macabeu-brisat-2018/index.html]
[www.coloniaverdenyc.com/store/product/familie-bauer-osterreich-barig-2019/index.html]
[www.coloniaverdenyc.com/store/product/gustavo-martinez-korinta-valle-del-itata-2019/index.html]
[www.coloniaverdenyc.com/store/product/masiero-veneto-garganega-lazaro-2017/index.html]
[www.coloniaverdenyc.com/store/product/christian-tschida-himmel-auf-erden-maischevergoren/index.html]
[www.coloniaverdenyc.com/store/product/viteadovest-terre-siciliane-bianco/index.html]
[images.getbento.com/accounts/b364399694ba06197e9f6c7181cb6ed0/media/images/48285IMG_3537ee0f.jpg]
[www.coloniaverdenyc.com/store/product/lammidia-miscela-vino-rosato/index.html]
[www.coloniaverdenyc.com/store/product/ruth-lewandowski-feints-2018/index.html]
[images.getbento.com/accounts/b364399694ba06197e9f6c7181cb6ed0/media/images/40207IMG_3533ee0f.jpg]
[images.getbento.com/accounts/b364399694ba06197e9f6c7181cb6ed0/media/images/95699IMG_3549ee0f.jpg]
[images.getbento.com/accounts/b364399694ba06197e9f6c7181cb6ed0/media/images/52335IMG_2889ee0f.jpg]
[images.getbento.com/accounts/b364399694ba06197e9f6c7181cb6ed0/media/images/57723IMG_3412ee0f.jpg]
[images.getbento.com/accounts/b364399694ba06197e9f6c7181cb6ed0/media/images/12701IMG_2669ee0f.jpg]
[www.coloniaverdenyc.com/store/product/wild-arc-farm-teroldego/index.html]
[images.getbento.com/accounts/b364399694ba06197e9f6c7181cb6ed0/media/images/60712FullSizeRender-7ee0f.jpg]
[images.getbento.com/accounts/b364399694ba06197e9f6c7181cb6ed0/media/images/87409IMG_2437ee0f.jpg]
[www.coloniaverdenyc.com/store/product/calcarius/index.html]
[www.coloniaverdenyc.com/store/product/purity/index.html]
[www.coloniaverdenyc.com/store/product/fabien-jouves-you-fuck-my-wine/index.html]
[www.coloniaverdenyc.com/store/product/vina-gonzalez-bastias-pais-en-tinaja-valle-del-maule-2017/index.html]
[www.coloniaverdenyc.com/store/product/els-vinyerons-penedes-saltamarti-negre-2018/index.html]
[www.coloniaverdenyc.com/store/product/lange-vin-le-regard-2017/index.html]
[www.coloniaverdenyc.com/store/product/domaine-migot-cotes-de-toul-pinot-noir-2018/index.html]
[www.coloniaverdenyc.com/store/product/bodegas-cueva-utiel-requena-tinto-cueva-2017/index.html]
[www.coloniaverdenyc.com/store/product/dirty-rowdy-msg-chalone-2018/index.html]
[www.coloniaverdenyc.com/store/product/caleb-leisure-wines-sierra-foothills-ab-ovo/index.html]
[www.coloniaverdenyc.com/store/product/domaine-du-pech-buzet-le-pech-abuse-2014/index.html]
[www.coloniaverdenyc.com/store/product/clos-fantine/index.html]
[www.coloniaverdenyc.com/store/product/de-leyenda-guerrero/index.html]
[images.getbento.com/accounts/b364399694ba06197e9f6c7181cb6ed0/media/images/51319IMG_3529-1ee0f.jpg]
[images.getbento.com/accounts/b364399694ba06197e9f6c7181cb6ed0/media/images/83234IMG_3347ee0f.jpg]
[images.getbento.com/accounts/b364399694ba06197e9f6c7181cb6ed0/media/images/28682IMG_3343ee0f.jpg]
[images.getbento.com/accounts/b364399694ba06197e9f6c7181cb6ed0/media/images/814270930413F-48D2-4BAE-BEE1-0886E7700319_1_105_cee0f.jpg]
[www.coloniaverdenyc.com/store/product/derumbes-san-luis-potosi/index.html]
[images.getbento.com/accounts/b364399694ba06197e9f6c7181cb6ed0/media/images/51438IMG_3451ee0f.jpg]
[images.getbento.com/accounts/b364399694ba06197e9f6c7181cb6ed0/media/images/50887180622_ColoniaVerde_MenuUpdate-10ee0f.gif]
[images.getbento.com/accounts/b364399694ba06197e9f6c7181cb6ed0/media/images/24865IMG_3601b729.jpg]
[images.getbento.com/accounts/b364399694ba06197e9f6c7181cb6ed0/media/images/93806Comodo-07b729.jpg]
[images.getbento.com/accounts/b364399694ba06197e9f6c7181cb6ed0/media/images/77104B282ED6C-F90F-452D-9B12-A17DAB8B33D4_1_105_cb729.jpg]
[images.getbento.com/accounts/b364399694ba06197e9f6c7181cb6ed0/media/images/48285IMG_3537b729.jpg]
[images.getbento.com/accounts/b364399694ba06197e9f6c7181cb6ed0/media/images/71651IMG_3536b729.jpg]
[www.coloniaverdenyc.com/store/product/tote-bag/index.html]
[www.coloniaverdenyc.com/store/product/trout-taco-class-copy/index.html]
[images.getbento.com/accounts/b364399694ba06197e9f6c7181cb6ed0/media/images/66720IMG_3532b729.jpg]
[images.getbento.com/accounts/b364399694ba06197e9f6c7181cb6ed0/media/images/74613IMG_3531b729.jpg]
[images.getbento.com/accounts/b364399694ba06197e9f6c7181cb6ed0/media/images/40207IMG_3533b729.jpg]
[images.getbento.com/accounts/b364399694ba06197e9f6c7181cb6ed0/media/images/51319IMG_3529-1b729.jpg]
[images.getbento.com/accounts/b364399694ba06197e9f6c7181cb6ed0/media/images/4117IMG_3141b729.jpg]
[images.getbento.com/accounts/b364399694ba06197e9f6c7181cb6ed0/media/images/9971519B5E980-28D8-4869-8E06-E06F5E907D17_1_105_cb729.jpg]
[images.getbento.com/accounts/b364399694ba06197e9f6c7181cb6ed0/media/images/50887180622_ColoniaVerde_MenuUpdate-10b729.gif]
[images.getbento.com/accounts/b364399694ba06197e9f6c7181cb6ed0/media/images/88076IMG_345011d2.jpg]
[images.getbento.com/accounts/b364399694ba06197e9f6c7181cb6ed0/media/images/40559Copy_of_IRON_LADY11d2.jpg]
[images.getbento.com/accounts/b364399694ba06197e9f6c7181cb6ed0/media/images/24865IMG_360111d2.jpg]
[images.getbento.com/accounts/b364399694ba06197e9f6c7181cb6ed0/media/images/42910IMG_341111d2.jpg]
[images.getbento.com/accounts/b364399694ba06197e9f6c7181cb6ed0/media/images/25667IMG_333611d2.jpg]
[images.getbento.com/accounts/b364399694ba06197e9f6c7181cb6ed0/media/images/43477IMG_334211d2.jpg]
[images.getbento.com/accounts/b364399694ba06197e9f6c7181cb6ed0/media/images/44311IMG_267011d2.jpg]
[images.getbento.com/accounts/b364399694ba06197e9f6c7181cb6ed0/media/images/57723IMG_341211d2.jpg]
[images.getbento.com/accounts/b364399694ba06197e9f6c7181cb6ed0/media/images/51319IMG_3529-111d2.jpg]
